BL51 BANKED LINKER/LOCATER V6.22.4.0                                                    11/01/2023  17:17:57  PAGE 1


BL51 BANKED LINKER/LOCATER V6.22.4.0, INVOKED BY:
C:\KEIL_V5\C51\BIN\BL51.EXE .\Objects\STARTUP.obj, .\Objects\testing.obj TO .\Objects\testing PRINT (.\Listings\testing.
>> m51)


INPUT MODULES INCLUDED:
  .\Objects\STARTUP.obj (?C_STARTUP)
  .\Objects\testing.obj (TESTING)


LINK MAP OF MODULE:  .\Objects\testing (?C_STARTUP)


            TYPE    BASE      LENGTH    RELOCATION   SEGMENT NAME
            -----------------------------------------------------

            * * * * * * *   D A T A   M E M O R Y   * * * * * * *
            REG     0000H     0008H     ABSOLUTE     "REG BANK 0"
            IDATA   0008H     0001H     UNIT         ?STACK

            * * * * * * *   C O D E   M E M O R Y   * * * * * * *
            CODE    0000H     0003H     ABSOLUTE     
* OVERLAP * CODE    0000H     0224H     ABSOLUTE     
                    0224H     05DCH                  *** GAP ***
            CODE    0800H     000CH     UNIT         ?C_C51STARTUP



UNRESOLVED EXTERNAL SYMBOLS:
   ?C_START



SYMBOL TABLE OF MODULE:  .\Objects\testing (?C_STARTUP)

  VALUE           TYPE          NAME
  ----------------------------------

  -------         MODULE        ?C_STARTUP
  C:0800H         SEGMENT       ?C_C51STARTUP
  I:0008H         SEGMENT       ?STACK
  C:0000H         PUBLIC        ?C_STARTUP
  D:00E0H         SYMBOL        ACC
  D:00F0H         SYMBOL        B
  D:0083H         SYMBOL        DPH
  D:0082H         SYMBOL        DPL
  N:0000H         SYMBOL        IBPSTACK
  N:0100H         SYMBOL        IBPSTACKTOP
  N:0080H         SYMBOL        IDATALEN
  C:0803H         SYMBOL        IDATALOOP
  N:0000H         SYMBOL        PBPSTACK
  N:0100H         SYMBOL        PBPSTACKTOP
  N:0000H         SYMBOL        PDATALEN
  N:0000H         SYMBOL        PDATASTART
  N:0000H         SYMBOL        PPAGE
  N:0000H         SYMBOL        PPAGEENABLE
  D:00A0H         SYMBOL        PPAGE_SFR
  D:0081H         SYMBOL        SP
BL51 BANKED LINKER/LOCATER V6.22.4.0                                                  11/01/2023  17:17:57  PAGE 2


  C:0800H         SYMBOL        STARTUP1
  N:0000H         SYMBOL        XBPSTACK
  N:0000H         SYMBOL        XBPSTACKTOP
  N:0000H         SYMBOL        XDATALEN
  N:0000H         SYMBOL        XDATASTART
  C:0000H         LINE#         126
  C:0800H         LINE#         133
  C:0802H         LINE#         134
  C:0803H         LINE#         135
  C:0804H         LINE#         136
  C:0806H         LINE#         185
  C:0809H         LINE#         196
  -------         ENDMOD        ?C_STARTUP

  -------         MODULE        TESTING
  D:00F0H         SYMBOL        B
  C:00F5H         SYMBOL        CAL
  C:0117H         SYMBOL        DEBOUNCE
  C:0119H         SYMBOL        DEL_100_MS
  C:0156H         SYMBOL        DEL_300_US
  C:011BH         SYMBOL        DEL_500_US
  C:0124H         SYMBOL        DISPLAY
  C:0112H         SYMBOL        DIV_CAL
  C:0219H         SYMBOL        DP_TABLE
  C:00ACH         SYMBOL        EQUAL
  D:00A8H         SYMBOL        IE
  C:0030H         SYMBOL        INIT
  C:015BH         SYMBOL        INT0_ISR
  C:0184H         SYMBOL        INT1_ISR
  B:0088H.0       SYMBOL        IT0
  B:0088H.2       SYMBOL        IT1
  C:0209H         SYMBOL        KB_TABLE
  C:006FH         SYMBOL        KEY_IN
  C:006BH         SYMBOL        KEY_OUT
  C:004AH         SYMBOL        MAIN
  C:010AH         SYMBOL        MUL_CAL
  C:007BH         SYMBOL        NEXT1
  C:0080H         SYMBOL        NEXT2
  C:0085H         SYMBOL        NEXT3
  C:008AH         SYMBOL        NEXT4
  C:008FH         SYMBOL        NEXT5
  C:0094H         SYMBOL        NEXT6
  C:009EH         SYMBOL        OP_IN
  D:0090H         SYMBOL        P1
  D:00A0H         SYMBOL        P2
  D:00B0H         SYMBOL        P3
  C:00E9H         SYMBOL        POP_CAL
  B:00D0H.3       SYMBOL        RS0
  B:00D0H.4       SYMBOL        RS1
  C:0096H         SYMBOL        R_BRACKETS
  C:00BDH         SYMBOL        SAVE_IN
  C:0054H         SYMBOL        SCAN
  C:01F1H         SYMBOL        SET_DEGITS
  C:0200H         SYMBOL        SHOW
  C:0202H         SYMBOL        SHOW1
  C:00E3H         SYMBOL        SKIP_REFRESH
  D:0081H         SYMBOL        SP
BL51 BANKED LINKER/LOCATER V6.22.4.0                                                  11/01/2023  17:17:57  PAGE 3


  C:0101H         SYMBOL        SUB_CAL
  C:0000H         LINE#         249
  C:0003H         LINE#         251
  C:0013H         LINE#         253
  C:0030H         LINE#         256
  C:0032H         LINE#         257
  C:0034H         LINE#         258
  C:0037H         LINE#         259
  C:003AH         LINE#         260
  C:003CH         LINE#         261
  C:003EH         LINE#         262
  C:0040H         LINE#         263
  C:0042H         LINE#         264
  C:0044H         LINE#         265
  C:0046H         LINE#         266
  C:0048H         LINE#         267
  C:004AH         LINE#         269
  C:004CH         LINE#         270
  C:004EH         LINE#         271
  C:0050H         LINE#         272
  C:0052H         LINE#         273
  C:0054H         LINE#         276
  C:0055H         LINE#         277
  C:0057H         LINE#         279
  C:005AH         LINE#         280
  C:005BH         LINE#         281
  C:005EH         LINE#         282
  C:005FH         LINE#         283
  C:0062H         LINE#         284
  C:0063H         LINE#         285
  C:0066H         LINE#         286
  C:0067H         LINE#         287
  C:0068H         LINE#         288
  C:0069H         LINE#         289
  C:006BH         LINE#         291
  C:006DH         LINE#         292
  C:006FH         LINE#         294
  C:0071H         LINE#         295
  C:0074H         LINE#         296
  C:0075H         LINE#         297
  C:0076H         LINE#         298
  C:0079H         LINE#         299
  C:007BH         LINE#         301
  C:007EH         LINE#         302
  C:0080H         LINE#         304
  C:0083H         LINE#         305
  C:0085H         LINE#         307
  C:0088H         LINE#         308
  C:008AH         LINE#         310
  C:008DH         LINE#         311
  C:008FH         LINE#         313
  C:0092H         LINE#         314
  C:0094H         LINE#         316
  C:0096H         LINE#         334
  C:0098H         LINE#         335
  C:009AH         LINE#         336
  C:009CH         LINE#         337
BL51 BANKED LINKER/LOCATER V6.22.4.0                                                  11/01/2023  17:17:57  PAGE 4


  C:009EH         LINE#         339
  C:00A0H         LINE#         340
  C:00A2H         LINE#         341
  C:00A4H         LINE#         342
  C:00A6H         LINE#         343
  C:00A8H         LINE#         344
  C:00AAH         LINE#         345
  C:00ACH         LINE#         347
  C:00AEH         LINE#         348
  C:00B0H         LINE#         349
  C:00B2H         LINE#         350
  C:00B5H         LINE#         351
  C:00B7H         LINE#         352
  C:00B9H         LINE#         353
  C:00BBH         LINE#         354
  C:00BDH         LINE#         357
  C:00BFH         LINE#         358
  C:00C0H         LINE#         359
  C:00C1H         LINE#         360
  C:00C2H         LINE#         361
  C:00C3H         LINE#         362
  C:00C4H         LINE#         363
  C:00C5H         LINE#         364
  C:00C6H         LINE#         365
  C:00C7H         LINE#         366
  C:00CAH         LINE#         367
  C:00CBH         LINE#         368
  C:00CCH         LINE#         369
  C:00CDH         LINE#         370
  C:00D0H         LINE#         371
  C:00D1H         LINE#         372
  C:00D3H         LINE#         373
  C:00D5H         LINE#         374
  C:00D7H         LINE#         375
  C:00D9H         LINE#         376
  C:00DAH         LINE#         377
  C:00DDH         LINE#         378
  C:00DFH         LINE#         379
  C:00E1H         LINE#         380
  C:00E3H         LINE#         382
  C:00E5H         LINE#         383
  C:00E7H         LINE#         384
  C:00E9H         LINE#         386
  C:00EBH         LINE#         387
  C:00EDH         LINE#         388
  C:00EFH         LINE#         389
  C:00F1H         LINE#         390
  C:00F3H         LINE#         391
  C:00F5H         LINE#         393
  C:00F6H         LINE#         394
  C:00F8H         LINE#         395
  C:00FBH         LINE#         396
  C:00FDH         LINE#         397
  C:00FEH         LINE#         398
  C:0100H         LINE#         399
  C:0101H         LINE#         401
  C:0104H         LINE#         402
BL51 BANKED LINKER/LOCATER V6.22.4.0                                                  11/01/2023  17:17:57  PAGE 5


  C:0106H         LINE#         403
  C:0107H         LINE#         404
  C:0109H         LINE#         405
  C:010AH         LINE#         407
  C:010DH         LINE#         408
  C:010EH         LINE#         409
  C:010FH         LINE#         410
  C:0111H         LINE#         411
  C:0112H         LINE#         413
  C:0113H         LINE#         414
  C:0114H         LINE#         415
  C:0116H         LINE#         416
  C:0117H         LINE#         417
  C:0119H         LINE#         418
  C:011BH         LINE#         419
  C:011DH         LINE#         420
  C:011FH         LINE#         421
  C:0121H         LINE#         422
  C:0123H         LINE#         423
  C:0124H         LINE#         425
  C:0127H         LINE#         426
  C:0129H         LINE#         427
  C:012BH         LINE#         428
  C:012CH         LINE#         429
  C:012DH         LINE#         430
  C:012FH         LINE#         431
  C:0131H         LINE#         432
  C:0133H         LINE#         433
  C:0135H         LINE#         434
  C:0136H         LINE#         435
  C:0137H         LINE#         436
  C:0139H         LINE#         437
  C:013BH         LINE#         438
  C:013DH         LINE#         439
  C:013FH         LINE#         440
  C:0140H         LINE#         441
  C:0141H         LINE#         442
  C:0143H         LINE#         443
  C:0145H         LINE#         444
  C:0147H         LINE#         445
  C:0149H         LINE#         446
  C:014BH         LINE#         447
  C:014CH         LINE#         448
  C:014DH         LINE#         449
  C:014FH         LINE#         450
  C:0151H         LINE#         451
  C:0153H         LINE#         452
  C:0155H         LINE#         453
  C:0156H         LINE#         455
  C:0158H         LINE#         456
  C:015AH         LINE#         457
  C:015BH         LINE#         459
  C:015DH         LINE#         460
  C:015FH         LINE#         461
  C:0161H         LINE#         462
  C:0162H         LINE#         463
  C:0164H         LINE#         464
BL51 BANKED LINKER/LOCATER V6.22.4.0                                                  11/01/2023  17:17:57  PAGE 6


  C:0165H         LINE#         465
  C:0167H         LINE#         466
  C:0168H         LINE#         467
  C:016AH         LINE#         468
  C:016CH         LINE#         469
  C:016DH         LINE#         470
  C:016FH         LINE#         471
  C:0171H         LINE#         472
  C:0173H         LINE#         473
  C:0175H         LINE#         474
  C:0176H         LINE#         475
  C:0178H         LINE#         476
  C:0179H         LINE#         477
  C:017BH         LINE#         478
  C:017CH         LINE#         479
  C:017EH         LINE#         480
  C:0180H         LINE#         481
  C:0181H         LINE#         482
  C:0183H         LINE#         483
  C:0184H         LINE#         485
  C:0186H         LINE#         486
  C:0188H         LINE#         487
  C:018AH         LINE#         488
  C:018CH         LINE#         489
  C:018DH         LINE#         490
  C:018FH         LINE#         491
  C:0190H         LINE#         492
  C:0192H         LINE#         493
  C:0193H         LINE#         494
  C:0195H         LINE#         495
  C:0197H         LINE#         496
  C:0198H         LINE#         497
  C:019AH         LINE#         498
  C:019CH         LINE#         499
  C:019EH         LINE#         500
  C:01A0H         LINE#         501
  C:01A2H         LINE#         502
  C:01A3H         LINE#         503
  C:01A5H         LINE#         504
  C:01A6H         LINE#         505
  C:01A8H         LINE#         506
  C:01A9H         LINE#         507
  C:01ABH         LINE#         508
  C:01ADH         LINE#         509
  C:01AEH         LINE#         510
  C:01B0H         LINE#         511
  C:01B2H         LINE#         512
  C:01B4H         LINE#         513
  C:01B6H         LINE#         514
  C:01B8H         LINE#         515
  C:01B9H         LINE#         516
  C:01BBH         LINE#         517
  C:01BCH         LINE#         518
  C:01BEH         LINE#         519
  C:01BFH         LINE#         520
  C:01C1H         LINE#         521
  C:01C3H         LINE#         522
BL51 BANKED LINKER/LOCATER V6.22.4.0                                                  11/01/2023  17:17:57  PAGE 7


  C:01C4H         LINE#         523
  C:01C6H         LINE#         524
  C:01C8H         LINE#         525
  C:01CAH         LINE#         526
  C:01CCH         LINE#         527
  C:01CEH         LINE#         528
  C:01CFH         LINE#         529
  C:01D1H         LINE#         530
  C:01D2H         LINE#         531
  C:01D4H         LINE#         532
  C:01D5H         LINE#         533
  C:01D7H         LINE#         534
  C:01D9H         LINE#         535
  C:01DAH         LINE#         536
  C:01DCH         LINE#         537
  C:01DEH         LINE#         538
  C:01E0H         LINE#         539
  C:01E2H         LINE#         540
  C:01E3H         LINE#         541
  C:01E5H         LINE#         542
  C:01E6H         LINE#         543
  C:01E8H         LINE#         544
  C:01E9H         LINE#         545
  C:01EBH         LINE#         546
  C:01EDH         LINE#         547
  C:01EEH         LINE#         548
  C:01F0H         LINE#         549
  C:01F1H         LINE#         558
  C:01F2H         LINE#         559
  C:01F5H         LINE#         560
  C:01F6H         LINE#         561
  C:01F8H         LINE#         562
  C:01FBH         LINE#         563
  C:01FCH         LINE#         564
  C:01FEH         LINE#         565
  C:01FFH         LINE#         566
  C:0200H         LINE#         568
  C:0202H         LINE#         569
  C:0204H         LINE#         570
  C:0206H         LINE#         571
  C:0208H         LINE#         572
  -------         ENDMOD        TESTING

*** WARNING L5: CODE SPACE MEMORY OVERLAP
    FROM:    0000H
    TO:      0002H

*** WARNING L1: UNRESOLVED EXTERNAL SYMBOL
    SYMBOL:  ?C_START
    MODULE:  .\Objects\STARTUP.obj (?C_STARTUP)

*** WARNING L2: REFERENCE MADE TO UNRESOLVED EXTERNAL
    SYMBOL:  ?C_START
    MODULE:  .\Objects\STARTUP.obj (?C_STARTUP)
    ADDRESS: 080AH

******************************************************************************
BL51 BANKED LINKER/LOCATER V6.22.4.0                                                  11/01/2023  17:17:57  PAGE 8


* RESTRICTED VERSION WITH 0800H BYTE CODE SIZE LIMIT; USED: 0209H BYTE (25%) *
******************************************************************************

Program Size: data=9.0 xdata=0 code=563
LINK/LOCATE RUN COMPLETE.  3 WARNING(S),  0 ERROR(S)
