A51 MACRO ASSEMBLER  TESTING                                                              11/01/2023 17:17:57 PAGE     1


MACRO ASSEMBLER A51 V8.2.7.0
OBJECT MODULE PLACED IN .\Objects\testing.obj
ASSEMBLER INVOKED BY: C:\Keil_v5\C51\BIN\A51.EXE testing.A51 SET(SMALL) DEBUG PRINT(.\Listings\testing.lst) OBJECT(.\Obj
                      ects\testing.obj) EP

LOC  OBJ            LINE     SOURCE

                       1     
                       2     
                       3     
                       4     
                       5     
                       6     
                       7     
                       8     
                       9     
                      10     
                      11     
                      12     
                      13     
                      14     
                      15     
                      16     
                      17     
                      18     
                      19     
                      20     
                      21     
                      22     
                      23     
                      24     
                      25     
                      26     
                      27     
                      28     
                      29     
                      30     
                      31     
                      32     
                      33     
                      34     
                      35     
                      36     
                      37     
                      38     
                      39     
                      40     
                      41     
                      42     
                      43     
                      44     
                      45     
                      46     
                      47     
                      48     
                      49     
                      50     
                      51     
                      52     
                      53     
                      54     
                      55     
                      56     
                      57     
A51 MACRO ASSEMBLER  TESTING                                                              11/01/2023 17:17:57 PAGE     2

                      58     
                      59     
                      60     
                      61     
                      62     
                      63     
                      64     
                      65     
                      66     
                      67     
                      68     
                      69     
                      70     
                      71     
                      72     
                      73     
                      74     
                      75     
                      76     
                      77     
                      78     
                      79     
                      80     
                      81     
                      82     
                      83     
                      84     
                      85     
                      86     
                      87     
                      88     
                      89     
                      90     
                      91     
                      92     
                      93     
                      94     
                      95     
                      96     
                      97     
                      98     
                      99     
                     100     
                     101     
                     102     
                     103     
                     104     
                     105     
                     106     
                     107     
                     108     
                     109     
                     110     
                     111     
                     112     
                     113     
                     114     
                     115     
                     116     
                     117     
                     118     
                     119     
                     120     
                     121     
                     122     
                     123     
A51 MACRO ASSEMBLER  TESTING                                                              11/01/2023 17:17:57 PAGE     3

                     124     
                     125     
                     126     
                     127     
                     128     
                     129     
                     130     
                     131     
                     132     
                     133     
                     134     
                     135     
                     136     
                     137     
                     138     
                     139     
                     140     
                     141     
                     142     
                     143     
                     144     
                     145     
                     146     
                     147     
                     148     
                     149     
                     150     
                     151     
                     152     
                     153     
                     154     
                     155     
                     156     
                     157     
                     158     
                     159     
                     160     
                     161     
                     162     
                     163     
                     164     
                     165     
                     166     
                     167     
                     168     
                     169     
                     170     
                     171     
                     172     
                     173     
                     174     
                     175     
                     176     
                     177     
                     178     
                     179     
                     180     
                     181     
                     182     
                     183     
                     184     
                     185     
                     186     
                     187     
                     188     
                     189     
A51 MACRO ASSEMBLER  TESTING                                                              11/01/2023 17:17:57 PAGE     4

                     190     
                     191     
                     192     
                     193     
                     194     
                     195     
                     196     
                     197     
                     198     
                     199     
                     200     
                     201     
                     202     
                     203     
                     204     
                     205     
                     206     
                     207     
                     208     
                     209     
                     210     
                     211     
                     212     
                     213     
                     214     
                     215     
                     216     
                     217     
                     218     
                     219     
                     220     
                     221     
                     222     
                     223     
                     224     
                     225     
                     226     
                     227     
                     228     
                     229     
                     230     
                     231     
                     232     
                     233     
                     234     
                     235     
                     236     
                     237     
                     238     
                     239     
                     240     
                     241     
                     242     
                     243     
                     244     
                     245     
                     246     
                     247     
0000                 248     ORG     0x00
0000 802E            249     JMP     INIT
0003                 250     ORG     0x03
0003 215B            251     JMP     INT0_ISR
0013                 252     ORG 0x13
0013 2184            253     JMP     INT1_ISR
0030                 254     ORG     0x30
0030                 255     INIT:
A51 MACRO ASSEMBLER  TESTING                                                              11/01/2023 17:17:57 PAGE     5

0030 D2B2            256                     SETB P3.2
0032 D2B3            257                     SETB P3.3
0034 75A885          258                     MOV     IE, #10000101B  ;10000001
0037 758131          259                     MOV     SP, #0x31       
003A D288            260                     SETB IT0
003C D28A            261                     SETB IT1
003E D2D3            262                     SETB RS0
0040 7800            263                     MOV     R0, #0
0042 7900            264                     MOV     R1, #0
0044 7A00            265                     MOV     R2, #0
0046 C2D3            266                     CLR     RS0
0048 D200            267                     SETB 0x00
004A                 268     MAIN:
004A C2D3            269                     CLR     RS0
004C 7B00            270                     MOV R3, #0
004E 7800            271                     MOV     R0, #0
0050 7904            272                     MOV     R1, #4
0052 7AF7            273                     MOV     R2, #0xF7
0054                 274     SCAN:                   
                     275                     ;SETB P3.3
0054 EA              276                     MOV     A, R2
0055 F5A0            277                     MOV     P2, A
                     278                     ;JNB    P3.3, EQUAL
0057 30A715          279                     JNB     P2.7, KEY_IN
005A 08              280                     INC     R0
005B 30A611          281                     JNB     P2.6, KEY_IN
005E 08              282                     INC     R0
005F 30A50D          283                     JNB     P2.5, KEY_IN
0062 08              284                     INC     R0
0063 30A409          285                     JNB     P2.4, KEY_IN
0066 08              286                     INC     R0
0067 03              287                     RR A
0068 FA              288                     MOV     R2, A
0069 D9E9            289                     DJNZ R1, SCAN
006B                 290     KEY_OUT:
006B 3124            291                     CALL    DISPLAY                 
006D 80DB            292                     SJMP    MAIN
006F                 293     KEY_IN:                 
006F 3117            294                     CALL DEBOUNCE
0071 900209          295                     MOV     DPTR, #KB_table
0074 E8              296                     MOV     A, R0
0075 93              297                     MOVC A, @A+DPTR
0076 B40A02          298                     CJNE A, #0x0A, NEXT1
0079 8023            299                     SJMP OP_IN
007B                 300     NEXT1:
007B B40B02          301                     CJNE A, #0x0B, NEXT2
007E 801E            302                     SJMP OP_IN
0080                 303     NEXT2:
0080 B40C02          304                     CJNE A, #0x0C, NEXT3
0083 8019            305                     SJMP OP_IN
0085                 306     NEXT3:
0085 B40D02          307                     CJNE A, #0x0D, NEXT4
0088 8014            308                     SJMP OP_IN
008A                 309     NEXT4:
008A B40E02          310                     CJNE A, #0x0E, NEXT5
008D 801D            311                     SJMP EQUAL
008F                 312     NEXT5:
008F B40F02          313                     CJNE A, #0x0F, NEXT6
0092 8002            314                     SJMP R_BRACKETS;POP
0094                 315     NEXT6:
0094 8027            316                     SJMP SAVE_IN
                     317     
                     318     
                     319     
                     320     
                     321     
A51 MACRO ASSEMBLER  TESTING                                                              11/01/2023 17:17:57 PAGE     6

                     322     
                     323     
0096                 324     R_BRACKETS:
                     325                     
                     326     
                     327     
                     328     
                     329     
                     330     
                     331     
                     332     
                     333             
0096 D2D3            334                     SETB RS0
0098 D00B            335                     POP 0x0B
009A 31F1            336                     CALL SET_DEGITS
009C 80CD            337                     JMP     KEY_OUT
009E                 338     OP_IN:
009E D2D3            339                     SETB RS0
00A0 C0E0            340                     PUSH 0xE0
00A2 C200            341                     CLR     0x00
00A4 7800            342                     MOV     R0, #0
00A6 7900            343                     MOV     R1, #0
00A8 7A00            344                     MOV     R2, #0
00AA 80BF            345                     JMP     KEY_OUT
00AC                 346     EQUAL:
00AC 3117            347                     CALL DEBOUNCE
00AE D2D3            348                     SETB RS0
00B0 E581            349                     MOV     A, SP
00B2 B43134          350                     CJNE A, #0x31, POP_CAL
00B5 D00B            351                     POP     0x0B; BANK1 R3
00B7 C00B            352                     PUSH 0x0B
00B9 31F1            353                     CALL SET_DEGITS
00BB 80AE            354                     JMP     KEY_OUT
                     355     
00BD                 356     SAVE_IN:
00BD D2D3            357                     SETB RS0
00BF FF              358                     MOV     R7, A
00C0 E9              359                     MOV     A, R1
00C1 F8              360                     MOV     R0, A
00C2 EA              361                     MOV     A, R2
00C3 F9              362                     MOV     R1, A
00C4 EF              363                     MOV     A, R7
00C5 FA              364                     MOV     R2, A
00C6 E8              365                     MOV     A, R0
00C7 75F064          366                     MOV     B, #100
00CA A4              367                     MUL     AB
00CB FB              368                     MOV     R3, A
00CC E9              369                     MOV     A, R1
00CD 75F00A          370                     MOV     B, #10
00D0 A4              371                     MUL     AB
00D1 8BF0            372                     MOV     B, R3
00D3 25F0            373                     ADD     A, B
00D5 8AF0            374                     MOV     B, R2
00D7 25F0            375                     ADD     A, B
00D9 FB              376                     MOV     R3, A
00DA 300006          377                     JNB     0x00, SKIP_REFRESH
00DD E581            378                     MOV     A, SP
00DF 9401            379                     SUBB A, #0x01
00E1 F581            380                     MOV     SP, A
00E3                 381     SKIP_REFRESH:   
00E3 C00B            382                     PUSH 0x0B
00E5 D200            383                     SETB 0x00
00E7 8082            384                     JMP     KEY_OUT
00E9                 385     POP_CAL:                
00E9 D00E            386                     POP     0x0E
00EB D00D            387                     POP     0x0D
A51 MACRO ASSEMBLER  TESTING                                                              11/01/2023 17:17:57 PAGE     7

00ED D00C            388                     POP     0x0C
00EF 11F5            389                     CALL CAL
00F1 C00B            390                     PUSH 0x0B
00F3 016B            391                     JMP     KEY_OUT
00F5                 392     CAL:
00F5 EC              393                     MOV     A, R4
00F6 8EF0            394                     MOV     B, R6
00F8 BD0A06          395                     CJNE R5, #0x0A, SUB_CAL
00FB 25F0            396                     ADD     A, B
00FD FB              397                     MOV     R3, A
00FE 31F1            398                     CALL SET_DEGITS
0100 22              399                     RET
0101                 400     SUB_CAL:
0101 BD0B06          401                     CJNE R5, #0x0B, MUL_CAL
0104 95F0            402                     SUBB A, B
0106 FB              403                     MOV     R3, A
0107 31F1            404                     CALL SET_DEGITS
0109 22              405                     RET
010A                 406     MUL_CAL:
010A BD0C05          407                     CJNE R5, #0x0C, DIV_CAL
010D A4              408                     MUL     AB
010E FB              409                     MOV     R3, A
010F 31F1            410                     CALL SET_DEGITS
0111 22              411                     RET
0112                 412     DIV_CAL:
0112 84              413                     DIV     AB
0113 FB              414                     MOV     R3, A   
0114 31F1            415                     CALL SET_DEGITS
0116 22              416                     RET
0117 7D03            417     DEBOUNCE:               MOV     R5, #3                                  
0119 7EC8            418     DEL_100_MS:             MOV     R6, #200                                
011B 7FFA            419     DEL_500_US:             MOV     R7, #250                                
011D DFFE            420                                     DJNZ    R7, $                           
011F DEFA            421                                     DJNZ    R6, DEL_500_US          
0121 DDF6            422                                     DJNZ    R5, DEL_100_MS          
0123 22              423                                     RET                                             
                     424                                     
0124 900219          425     DISPLAY:                MOV     DPTR, #DP_table         
0127 D2D3            426                                     SETB    RS0                             
0129 C2B5            427                                     CLR     P3.5                            
012B E8              428                                     MOV     A, R0                           
012C 93              429                                     MOVC    A, @A+DPTR              
012D F590            430                                     MOV     P1, A                           
012F 3156            431                                     CALL    DEL_300_US              
0131 D2B5            432                                     SETB    P3.5                    
0133 C2B6            433                                     CLR     P3.6                            
0135 E9              434                                     MOV     A, R1                           
0136 93              435                                     MOVC    A, @A+DPTR              
0137 F590            436                                     MOV     P1, A                           
0139 3156            437                                     CALL    DEL_300_US              
013B D2B6            438                                     SETB    P3.6                    
013D C2B7            439                                     CLR     P3.7                            
013F EA              440                                     MOV     A, R2                           
0140 93              441                                     MOVC    A, @A+DPTR              
0141 F590            442                                     MOV     P1, A                           
0143 3156            443                                     CALL    DEL_300_US              
0145 D2B7            444                                     SETB    P3.7
0147 C2D3            445                                     CLR RS0 ;CHANGE REGISTER BANK
0149 C2B4            446                                     CLR     P3.4                            
014B EB              447                                     MOV     A, R3                           
014C 93              448                                     MOVC    A, @A+DPTR              
014D F590            449                                     MOV     P1, A                           
014F 3156            450                                     CALL    DEL_300_US              
0151 D2B4            451                                     SETB    P3.4
0153 D2D3            452                                     SETB RS0
0155 22              453                                     RET                                     
A51 MACRO ASSEMBLER  TESTING                                                              11/01/2023 17:17:57 PAGE     8

                     454     
0156 7FA4            455     DEL_300_US:             MOV     R7, #164                        
0158 DFFE            456                             DJNZ    R7, $
015A 22              457                             RET
                     458     
015B D2D3            459     INT0_ISR:               SETB    RS0                                     
015D D2B2            460                                     SETB P3.2
015F 7400            461                                     MOV A, #0
0161 F8              462                                     MOV R0, A
0162 7406            463                                     MOV A, #6
0164 F9              464                                     MOV R1, A
0165 7404            465                                     MOV A, #4
0167 FA              466                                     MOV R2, A
0168 C2D3            467                                     CLR RS0
016A 7404            468                                     MOV A, #4
016C FB              469                                     MOV R3, A
016D D2D3            470                                     SETB RS0
016F 7D0A            471                                     MOV R5, #10
0171 5100            472                                     CALL SHOW
0173 7400            473                                     MOV A, #0
0175 F8              474                                     MOV R0, A
0176 7400            475                                     MOV A, #0
0178 F9              476                                     MOV R1, A
0179 7400            477                                     MOV A, #0
017B FA              478                                     MOV R2, A
017C C2D3            479                                     CLR RS0
017E 7400            480                                     MOV A, #0
0180 FB              481                                     MOV R3, A
0181 D2D3            482                                     SETB RS0
0183 32              483                                     RETI
0184                 484     INT1_ISR:               
0184 D2D3            485                                     SETB    RS0     
0186 C2D4            486                                     CLR     RS1
0188 D2B3            487                                     SETB P3.3
018A 7400            488                                     MOV A, #0
018C F8              489                                     MOV R0, A
018D 7406            490                                     MOV A, #6
018F F9              491                                     MOV R1, A
0190 7404            492                                     MOV A, #4
0192 FA              493                                     MOV R2, A
0193 C2D3            494                                     CLR RS0
0195 7404            495                                     MOV A, #4
0197 FB              496                                     MOV R3, A
0198 D2D3            497                                     SETB RS0
019A 7D0A            498                                     MOV R5, #10
019C 5100            499                                     CALL SHOW;4064
019E D2D3            500                                     SETB    RS0
01A0 7406            501                                     MOV A, #6
01A2 F8              502                                     MOV R0, A
01A3 7404            503                                     MOV A, #4
01A5 F9              504                                     MOV R1, A
01A6 740A            505                                     MOV A, #10
01A8 FA              506                                     MOV R2, A
01A9 C2D3            507                                     CLR RS0
01AB 7400            508                                     MOV A, #0
01AD FB              509                                     MOV R3, A
01AE D2D3            510                                     SETB RS0
01B0 7D0A            511                                     MOV R5, #10
01B2 5100            512                                     CALL SHOW;064
01B4 D2D3            513                                     SETB    RS0
01B6 7404            514                                     MOV A, #4
01B8 F8              515                                     MOV R0, A
01B9 740A            516                                     MOV A, #10
01BB F9              517                                     MOV R1, A
01BC 740A            518                                     MOV A, #10
01BE FA              519                                     MOV R2, A
A51 MACRO ASSEMBLER  TESTING                                                              11/01/2023 17:17:57 PAGE     9

01BF C2D3            520                                     CLR RS0
01C1 7406            521                                     MOV A, #6
01C3 FB              522                                     MOV R3, A
01C4 D2D3            523                                     SETB RS0
01C6 7D0A            524                                     MOV R5, #10
01C8 5100            525                                     CALL SHOW;64
01CA D2D3            526                                     SETB    RS0
01CC 740A            527                                     MOV A, #10
01CE F8              528                                     MOV R0, A
01CF 740A            529                                     MOV A, #10
01D1 F9              530                                     MOV R1, A
01D2 740A            531                                     MOV A, #10
01D4 FA              532                                     MOV R2, A
01D5 C2D3            533                                     CLR RS0
01D7 7404            534                                     MOV A, #4
01D9 FB              535                                     MOV R3, A
01DA D2D3            536                                     SETB RS0
01DC 7D0A            537                                     MOV R5, #10
01DE 5100            538                                     CALL SHOW;4
01E0 7400            539                                     MOV A, #0
01E2 F8              540                                     MOV R0, A
01E3 7400            541                                     MOV A, #0
01E5 F9              542                                     MOV R1, A
01E6 7400            543                                     MOV A, #0
01E8 FA              544                                     MOV R2, A
01E9 C2D3            545                                     CLR RS0
01EB 7400            546                                     MOV A, #0
01ED FB              547                                     MOV R3, A
01EE D2D3            548                                     SETB RS0
01F0 32              549                                     RETI
                     550     
                     551     
                     552     
                     553     
                     554     
                     555     
                     556                                                     
                     557                                     
01F1 EB              558     SET_DEGITS:             MOV     A, R3           
01F2 75F00A          559                                     MOV     B, #10          
01F5 84              560                                     DIV     AB                      
01F6 AAF0            561                                     MOV     R2, B           
01F8 75F00A          562                                     MOV     B, #10          
01FB 84              563                                     DIV     AB                      
01FC A9F0            564                                     MOV     R1, B           
01FE F8              565                                     MOV     R0, A           
01FF 22              566                                     RET                             
                     567     
0200 7E64            568     SHOW:                   MOV     R6, #100        
0202 3124            569     SHOW1:                  CALL    DISPLAY
0204 DEFC            570                             DJNZ    R6, SHOW1
0206 DDF8            571                             DJNZ    R5, SHOW
0208 22              572                             RET
                     573     
0209 01              574     KB_table:               DB              01H             
020A 02              575                                     DB              02H             
020B 03              576                                     DB              03H             
020C 0A              577                                     DB              0AH             
020D 04              578                                     DB              04H             
020E 05              579                                     DB              05H             
020F 06              580                                     DB              06H             
0210 0B              581                                     DB              0BH             
0211 07              582                                     DB              07H             
0212 08              583                                     DB              08H             
0213 09              584                                     DB              09H             
0214 0C              585                                     DB              0CH             
A51 MACRO ASSEMBLER  TESTING                                                              11/01/2023 17:17:57 PAGE    10

0215 0E              586                                     DB              0EH             
0216 00              587                                     DB              00H             
0217 0F              588                                     DB              0FH             
0218 0D              589                                     DB              0DH             
                     590                                     
0219                 591     DP_table:
0219 03              592                     DB 00000011B ; 0
021A 9F              593                     DB 10011111B ; display "1"
021B 25              594                     DB 00100101B ; display "2"
021C 0D              595                     DB 00001101B ; display "3"
021D 99              596                     DB 10011001B ; display "4"
021E 49              597                     DB 01001001B ; display "5"
021F 41              598                     DB 01000001B ; display "6"
0220 1B              599                     DB 00011011B ; display "7"
0221 01              600                     DB 00000001B ; display "8"
0222 19              601                     DB 00011001B ; display "9"
0223 FF              602                     DB 11111111B ;DARK
                     603     END
                             
                                     
A51 MACRO ASSEMBLER  TESTING                                                              11/01/2023 17:17:57 PAGE    11

SYMBOL TABLE LISTING
------ ----- -------


N A M E             T Y P E  V A L U E   ATTRIBUTES

B. . . . . . . . .  D ADDR   00F0H   A   
CAL. . . . . . . .  C ADDR   00F5H   A   
DEBOUNCE . . . . .  C ADDR   0117H   A   
DEL_100_MS . . . .  C ADDR   0119H   A   
DEL_300_US . . . .  C ADDR   0156H   A   
DEL_500_US . . . .  C ADDR   011BH   A   
DISPLAY. . . . . .  C ADDR   0124H   A   
DIV_CAL. . . . . .  C ADDR   0112H   A   
DP_TABLE . . . . .  C ADDR   0219H   A   
EQUAL. . . . . . .  C ADDR   00ACH   A   
IE . . . . . . . .  D ADDR   00A8H   A   
INIT . . . . . . .  C ADDR   0030H   A   
INT0_ISR . . . . .  C ADDR   015BH   A   
INT1_ISR . . . . .  C ADDR   0184H   A   
IT0. . . . . . . .  B ADDR   0088H.0 A   
IT1. . . . . . . .  B ADDR   0088H.2 A   
KB_TABLE . . . . .  C ADDR   0209H   A   
KEY_IN . . . . . .  C ADDR   006FH   A   
KEY_OUT. . . . . .  C ADDR   006BH   A   
MAIN . . . . . . .  C ADDR   004AH   A   
MUL_CAL. . . . . .  C ADDR   010AH   A   
NEXT1. . . . . . .  C ADDR   007BH   A   
NEXT2. . . . . . .  C ADDR   0080H   A   
NEXT3. . . . . . .  C ADDR   0085H   A   
NEXT4. . . . . . .  C ADDR   008AH   A   
NEXT5. . . . . . .  C ADDR   008FH   A   
NEXT6. . . . . . .  C ADDR   0094H   A   
OP_IN. . . . . . .  C ADDR   009EH   A   
P1 . . . . . . . .  D ADDR   0090H   A   
P2 . . . . . . . .  D ADDR   00A0H   A   
P3 . . . . . . . .  D ADDR   00B0H   A   
POP_CAL. . . . . .  C ADDR   00E9H   A   
RS0. . . . . . . .  B ADDR   00D0H.3 A   
RS1. . . . . . . .  B ADDR   00D0H.4 A   
R_BRACKETS . . . .  C ADDR   0096H   A   
SAVE_IN. . . . . .  C ADDR   00BDH   A   
SCAN . . . . . . .  C ADDR   0054H   A   
SET_DEGITS . . . .  C ADDR   01F1H   A   
SHOW . . . . . . .  C ADDR   0200H   A   
SHOW1. . . . . . .  C ADDR   0202H   A   
SKIP_REFRESH . . .  C ADDR   00E3H   A   
SP . . . . . . . .  D ADDR   0081H   A   
SUB_CAL. . . . . .  C ADDR   0101H   A   


REGISTER BANK(S) USED: 0 


ASSEMBLY COMPLETE.  0 WARNING(S), 0 ERROR(S)
