C51 COMPILER V9.60.0.0   ADC                                                               12/19/2022 15:34:24 PAGE 1   


C51 COMPILER V9.60.0.0, COMPILATION OF MODULE ADC
OBJECT MODULE PLACED IN .\Objects\ADC.obj
COMPILER INVOKED BY: C:\Keil_v5\C51\BIN\C51.EXE ADC.c OPTIMIZE(8,SPEED) BROWSE DEBUG OBJECTEXTEND PRINT(.\Listings\ADC.l
                    -st) TABS(2) OBJECT(.\Objects\ADC.obj)

line level    source

   1          #include <regx51.h>
   2          void print_msg(char *);
   3          void write(char, int);
   4          void delay(unsigned int);
   5          int c;
   6          int a[3];
   7          char b[3];
   8          
   9          void main( )
  10          {
  11   1      write(0x38, 0);  //mode set first
  12   1      write(0x0F, 0);  //control on/off
  13   1      write(0x06, 0);  //mode
  14   1      write(0x01, 0);  //clear
  15   1      //write(0x80, 0); //DD line1
  16   1      
  17   1       while(1)
  18   1       {
  19   2         c=P1;
  20   2         a[2]=c%10;//digits
  21   2         c=c/10;
  22   2         a[1]=c%10;//ten
  23   2         c=c/10;
  24   2         a[0]=c%10;//hundred
  25   2         write(0x01, 0);  //clear
  26   2         write(0x80, 0); //DD line1
  27   2         b[2]=a[2]+48;
  28   2         b[1]=a[1]+48;
  29   2         b[0]=a[0]+48;
  30   2         print_msg(b);
  31   2         delay(5000);
  32   2         
  33   2         
  34   2         if(P1 >=0 && P1<16) //if P1 greater than 256/2
  35   2         {
  36   3            write(0x01, 0);  //clear
  37   3            write(0x80, 0); //DD line1
  38   3            write(0xC0, 0); //line2
  39   3            print_msg("=");
  40   3            delay(5000);
  41   3         }
  42   2         else if( P1>=16 && P1<32)
  43   2         {
  44   3            write(0x01, 0);
  45   3            write(0x80, 0); //DD line1
  46   3            write(0xC0, 0);
  47   3            print_msg("==");
  48   3            delay(5000);
  49   3         }
  50   2         else if( P1>=32 && P1<48)
  51   2         {
  52   3            write(0x01, 0);
  53   3            write(0x80, 0); //DD line1
  54   3            write(0xC0, 0);
C51 COMPILER V9.60.0.0   ADC                                                               12/19/2022 15:34:24 PAGE 2   

  55   3            print_msg("===");
  56   3            delay(5000);
  57   3         }
  58   2         else if( P1>=48 && P1<64)
  59   2         {
  60   3            write(0x01, 0);
  61   3            write(0x80, 0); //DD line1
  62   3            write(0xC0, 0);
  63   3            print_msg("====");
  64   3            delay(5000);
  65   3         }
  66   2         else if( P1>=64 && P1<80)
  67   2         {
  68   3            write(0x01, 0);
  69   3            write(0x80, 0); //DD line1
  70   3            write(0xC0, 0);
  71   3            print_msg("=====");
  72   3            delay(5000);
  73   3         }
  74   2         else if( P1>=80 && P1<96)
  75   2         {
  76   3            write(0x01, 0);
  77   3            write(0x80, 0); //DD line1
  78   3            write(0xC0, 0);
  79   3            print_msg("======");
  80   3            delay(5000);
  81   3         }
  82   2         else if( P1>=96 && P1<112) //7
  83   2         {
  84   3            write(0x01, 0);
  85   3            write(0x80, 0); //DD line1
  86   3            write(0xC0, 0);
  87   3            print_msg("=======");
  88   3            delay(5000);
  89   3         }
  90   2         else if( P1>=112 && P1<128) //8
  91   2         {
  92   3            write(0x01, 0);
  93   3            write(0x80, 0); //DD line1
  94   3            write(0xC0, 0);
  95   3            print_msg("========");
  96   3            delay(5000);
  97   3         }
  98   2         else if( P1>=128 && P1<144) //9
  99   2         {
 100   3            write(0x01, 0);
 101   3            write(0x80, 0); //DD line1
 102   3            write(0xC0, 0);
 103   3            print_msg("=========");
 104   3            delay(5000);
 105   3         }
 106   2         else if( P1>=144 && P1<160) //10
 107   2         {
 108   3            write(0x01, 0);
 109   3            write(0x80, 0); //DD line1
 110   3            write(0xC0, 0);
 111   3            print_msg("==========");
 112   3            delay(5000);
 113   3         }
 114   2         else if( P1>=160 && P1<176) //11
 115   2         {
 116   3            write(0x01, 0);
C51 COMPILER V9.60.0.0   ADC                                                               12/19/2022 15:34:24 PAGE 3   

 117   3            write(0x80, 0); //DD line1
 118   3            write(0xC0, 0);
 119   3            print_msg("===========");
 120   3            delay(5000);
 121   3         }
 122   2         else if( P1>=176 && P1<192) //12
 123   2         {
 124   3            write(0x01, 0);
 125   3            write(0x80, 0); //DD line1
 126   3            write(0xC0, 0);
 127   3            print_msg("============");
 128   3            delay(5000);
 129   3         }
 130   2         else if( P1>=192 && P1<208) //13
 131   2         {
 132   3            write(0x01, 0);
 133   3            write(0x80, 0); //DD line1
 134   3            write(0xC0, 0);
 135   3            print_msg("=============");
 136   3            delay(5000);
 137   3         }
 138   2         else if( P1>=208 && P1<224) //14
 139   2         {
 140   3            write(0x01, 0);
 141   3            write(0x80, 0); //DD line1
 142   3            write(0xC0, 0);
 143   3            print_msg("==============");
 144   3            delay(5000);
 145   3         }
 146   2         else if( P1>=224 && P1<240) //15
 147   2         {
 148   3            write(0x01, 0);
 149   3            write(0x80, 0); //DD line1
 150   3            write(0xC0, 0);
 151   3            print_msg("===============");
 152   3            delay(5000);
 153   3         }
 154   2         else if( P1>=240 && P1<256) //16
 155   2         {
 156   3            write(0x01, 0);
 157   3            write(0x80, 0); //DD line1
 158   3            write(0xC0, 0);
 159   3            print_msg("================");
 160   3            delay(5000);
 161   3         }
 162   2       }
 163   1      }
 164          
 165          void print_msg(char *msg)
 166          {
 167   1        for(;*msg!='\0';msg++)
 168   1             write(*msg,1);
 169   1      }
 170          
 171          void write(char cmd,int rs_value)
 172          {
 173   1        P0=cmd;
 174   1        P3_0=rs_value;
 175   1        P3_1=1;
 176   1        delay(100);
 177   1        P3_1=0;
 178   1      }
C51 COMPILER V9.60.0.0   ADC                                                               12/19/2022 15:34:24 PAGE 4   

 179          
 180          void delay(unsigned int i)
 181          {
 182   1        while(i--);
 183   1      }


MODULE INFORMATION:   STATIC OVERLAYABLE
   CODE SIZE        =   1045    ----
   CONSTANT SIZE    =    152    ----
   XDATA SIZE       =   ----    ----
   PDATA SIZE       =   ----    ----
   DATA SIZE        =     11       3
   IDATA SIZE       =   ----    ----
   BIT SIZE         =   ----    ----
END OF MODULE INFORMATION.


C51 COMPILATION COMPLETE.  0 WARNING(S),  0 ERROR(S)
